// Jest Snapshot v1, https://goo.gl/fbAQLP

exports[`FirstApp Debe hacer match con el snapshot 1`] = `
<div>
  <h1
    data-testid="test-title"
  >
    Hola, soy Eric
  </h1>
  <h2 />
  <p>
    No hay nombre
  </p>
</div>
`;
